<?xml version="1.0" encoding="UTF-8"?>
<TestRun id="5ae09b78-fac5-4c6f-9371-0575abbdaa97" name="stephen.godbold@PENNYWISE 2011-07-06 21:23:52" runUser="PENNYWISE\stephen.godbold" xmlns="http://microsoft.com/schemas/VisualStudio/TeamTest/2010">
  <TestSettings name="Local" id="9b441dca-5ecd-40ad-ba69-60bab448de2a">
    <Description>These are default test settings for a local test run.</Description>
    <Deployment enabled="false" runDeploymentRoot="stephen.godbold_PENNYWISE 2011-07-06 21_23_52">
      <DeploymentItem filename="E:\dev\NinefoldAPI\packages\RestSharp.101.3\lib\net4\RestSharp.dll" />
      <DeploymentItem filename="E:\dev\NinefoldAPI\Ninefold.API\bin\Debug\Ninefold.API.dll" />
    </Deployment>
    <Execution>
      <TestTypeSpecific />
      <AgentRule name="Execution Agents">
      </AgentRule>
    </Execution>
  </TestSettings>
  <Times creation="2011-07-06T21:23:52.9581822-07:00" queuing="2011-07-06T21:23:54.6092766-07:00" start="2011-07-06T21:23:54.7252833-07:00" finish="2011-07-06T21:23:55.5503305-07:00" />
  <ResultSummary outcome="Completed">
    <Counters total="1" executed="1" passed="1" error="0" failed="0" timeout="0" aborted="0" inconclusive="0" passedButRunAborted="0" notRunnable="0" notExecuted="0" disconnected="0" warning="0" completed="0" inProgress="0" pending="0" />
  </ResultSummary>
  <TestDefinitions>
    <UnitTest name="StartVirtualMachine_Execute_ShouldSendAPostRequestWhenExecuted" storage="e:\dev\ninefoldapi\ninefold.tests\bin\debug\ninefold.api.tests.dll" id="216f82ad-f74c-cf2d-f289-4fb24591287d">
      <Execution id="38d58aed-c31a-4714-b76f-8cbeac1ec034" />
      <TestMethod codeBase="E:/dev/NinefoldAPI/Ninefold.Tests/bin/Debug/Ninefold.API.Tests.DLL" adapterTypeName="Microsoft.VisualStudio.TestTools.TestTypes.Unit.UnitTestAdapter, Microsoft.VisualStudio.QualityTools.Tips.UnitTest.Adapter, Version=10.0.0.0, Culture=neutral, PublicKeyToken=b03f5f7f11d50a3a" className="Ninefold.API.Tests.CommandTests.StartVirtualMachineTests, Ninefold.API.Tests, Version=1.0.0.0, Culture=neutral, PublicKeyToken=null" name="StartVirtualMachine_Execute_ShouldSendAPostRequestWhenExecuted" />
    </UnitTest>
  </TestDefinitions>
  <TestLists>
    <TestList name="Results Not in a List" id="8c84fa94-04c1-424b-9868-57a2d4851a1d" />
    <TestList name="All Loaded Results" id="19431567-8539-422a-85d7-44ee4e166bda" />
  </TestLists>
  <TestEntries>
    <TestEntry testId="216f82ad-f74c-cf2d-f289-4fb24591287d" executionId="38d58aed-c31a-4714-b76f-8cbeac1ec034" testListId="8c84fa94-04c1-424b-9868-57a2d4851a1d" />
  </TestEntries>
  <Results>
    <UnitTestResult executionId="38d58aed-c31a-4714-b76f-8cbeac1ec034" testId="216f82ad-f74c-cf2d-f289-4fb24591287d" testName="StartVirtualMachine_Execute_ShouldSendAPostRequestWhenExecuted" computerName="PENNYWISE" duration="00:00:00.0338628" startTime="2011-07-06T21:23:54.7512848-07:00" endTime="2011-07-06T21:23:55.4073223-07:00" testType="13cdc9d9-ddb5-4fa4-a97d-d965ccfc6d4b" outcome="Passed" testListId="8c84fa94-04c1-424b-9868-57a2d4851a1d" relativeResultsDirectory="38d58aed-c31a-4714-b76f-8cbeac1ec034">
    </UnitTestResult>
  </Results>
</TestRun>